[backblue.gif]
[fade.gif]
[index.html]
[stackpath.bootstrapcdn.com/font-awesome/4.7.0/css/font-awesome.min.css]
[www.infosecmaestros.com/images/isma-22-logo-web.png]
[www.infosecmaestros.com/images/isma-21-logo-web-nomination.png]
[www.infosecmaestros.com/images/slider/01_01.jpg]
[www.infosecmaestros.com/images/website-hero-isma-logo-2.png]
[infosecmaestros.cioaxis.com/images/team/Ajay-Bongirwar,-Delinea.jpg]
[infosecmaestros.cioaxis.com/images/team/Akhil-Verma_Paytm-Money.jpg]
[infosecmaestros.cioaxis.com/images/team/Aman-Chhikara,-Hindalco.jpg]
[infosecmaestros.cioaxis.com/images/team/Avinash-Dharmadhikari_Presistent-Systems.jpg]
[infosecmaestros.cioaxis.com/images/team/Bijender-Mishra,-Alkem-Laboratory.jpg]
[infosecmaestros.cioaxis.com/images/team/Burgess_Cooper-EY.jpg]
[infosecmaestros.cioaxis.com/images/team/Chandra-Prakash-Suryawanshi_KPMG.jpg]
[infosecmaestros.cioaxis.com/images/team/Dilip_Panjwani-Larson_Tubro-Infotech.jpg]
[infosecmaestros.cioaxis.com/images/team/Dr-Jitendra-Mohan-Bharadwaj.jpg]
[infosecmaestros.cioaxis.com/images/team/Golok-Kumar-Simli.jpg]
[infosecmaestros.cioaxis.com/images/team/Gopi_Thangavel-Reliance_Industries.jpg]
[infosecmaestros.cioaxis.com/images/team/Harnath-Babu.jpg]
[infosecmaestros.cioaxis.com/images/team/Jacxine-Fernandez,-Bagalore-International-Airport-Ltd.jpg]
[infosecmaestros.cioaxis.com/images/team/Jaspreet-Singh_GT.jpg]
[infosecmaestros.cioaxis.com/images/team/Jobin-T-Akkar_Chola.jpg]
[infosecmaestros.cioaxis.com/images/team/Joseph-Carson,-Delinea.jpg]
[infosecmaestros.cioaxis.com/images/team/Jude-Kannabiran,-Delinea.jpg]
[infosecmaestros.cioaxis.com/images/team/Kalpesh-Doshi,-FIS-Global.jpg]
[infosecmaestros.cioaxis.com/images/team/Krishna-Kishore-Burugula,-KPMG.jpg]
[infosecmaestros.cioaxis.com/images/team/Kumar-Ravi_Teleperformance.jpg]
[infosecmaestros.cioaxis.com/images/team/Kunal_Dhingra,LTI.jpg]
[infosecmaestros.cioaxis.com/images/team/Maharajan-S_Navitas.jpg]
[infosecmaestros.cioaxis.com/images/team/Manish-Gaur,-Patanjali.jpg]
[infosecmaestros.cioaxis.com/images/team/Manoj-Ajgaonkar_Grant-Thornton.jpg]
[infosecmaestros.cioaxis.com/images/team/Manoj-K-Shrivastava.jpg]
[infosecmaestros.cioaxis.com/images/team/Mayuresh-Purandare,-Marico.jpg]
[infosecmaestros.cioaxis.com/images/team/Meetali-Sharma,-SDG-Corp.jpg]
[infosecmaestros.cioaxis.com/images/team/Mini-Gupta_EY.jpg]
[infosecmaestros.cioaxis.com/images/team/Muneer-H-KongaWani.jpg]
[infosecmaestros.cioaxis.com/images/team/Navaneethan-M_Groww.jpg]
[infosecmaestros.cioaxis.com/images/team/Unnikrishnan-P_PwC.jpg]
[infosecmaestros.cioaxis.com/images/team/Parag-Kulkarni,-Bajaj-Finance-Ltd.jpg]
[infosecmaestros.cioaxis.com/images/team/Pawan-Chawla,-Future-Generali.jpg]
[infosecmaestros.cioaxis.com/images/team/Pradipta-Patro.jpg]
[infosecmaestros.cioaxis.com/images/team/Raman-Pillai,-Ather-Energy.jpg]
[infosecmaestros.cioaxis.com/images/team/Ravinder_Arora_Infogain.jpg]
[infosecmaestros.cioaxis.com/images/team/Rukesh_Patel,FSS.jpg]
[infosecmaestros.cioaxis.com/images/team/S-Srikanth_Tata Electronics.jpg]
[infosecmaestros.cioaxis.com/images/team/Saloni-Vijay,-Vodafone.jpg]
[infosecmaestros.cioaxis.com/images/team/Samrat-Bhat_-MatchMove.jpg]
[infosecmaestros.cioaxis.com/images/team/Sanjiv-Kumar-Jain, Krishna-Group.jpg]
[infosecmaestros.cioaxis.com/images/team/Satish-Kumar-Dwibhashi,-InMobi.jpg]
[infosecmaestros.cioaxis.com/images/team/Satyavrat-Mishra,-Godrej.jpg]
[infosecmaestros.cioaxis.com/images/team/Surabh-Gugnai,-Peoplestrong.jpg]
[infosecmaestros.cioaxis.com/images/team/Shishir-Khare_TCS.jpg]
[infosecmaestros.cioaxis.com/images/team/Subhash-Singh-Punjabi,-Naprod-Lifesciences.jpg]
[infosecmaestros.cioaxis.com/images/team/Varundeep-Kaur,-Spice-Money.jpg]
[infosecmaestros.cioaxis.com/images/team/Vasudevan-Nair_Writer-Corporation.jpg]
[infosecmaestros.cioaxis.com/images/team/Venkata-Satish-Guttula_Rediff.jpg]
[infosecmaestros.cioaxis.com/images/team/Vijay-Bharti_Happiest-Minds.jpg]
[infosecmaestros.cioaxis.com/images/team/Vikas-Malhotra,-LastPass.jpg]
[infosecmaestros.cioaxis.com/images/team/Vinod-Bhat_Tata-SIA-Airlines-(Vistara).jpg]
[infosecmaestros.cioaxis.com/images/team/Yogesh_Kumar-Tata_Advanced_Systems.jpg]
[infosecmaestros.cioaxis.com/images/sponsors/sponsors.png]
[infosecmaestros.com/images/facebook.png]
[infosecmaestros.com/images/linkedin.png]
[infosecmaestros.com/images/twitter.png]
[infosecmaestros.com/images/logo-bottom.png]
[defenders100.com/js/jquery.min.js]
[defenders100.com/js/bootstrap.min.js]
[defenders100.com/js/jquery.isotope.min.js]
[defenders100.com/js/easing.js]
[defenders100.com/js/owl.carousel.js]
[defenders100.com/js/jquery.countTo.js]
[defenders100.com/js/wow.min.js]
[defenders100.com/js/jquery.magnific-popup.min.js]
[defenders100.com/js/enquire.min.js]
[defenders100.com/js/jquery.stellar.min.js]
[defenders100.com/js/jquery.plugin.js]
[defenders100.com/js/jquery.countdown.js]
[defenders100.com/js/countdown-custom.js]
[defenders100.com/js/designesia.js]
[www.infosecmaestros.com/js/bootstrapValidator.js]
[www.infosecmaestros.com/index.html]
[www.infosecmaestros.com/css/bootstrap.css]
[www.infosecmaestros.com/css/animate.css]
[www.infosecmaestros.com/css/owl.carousel.css]
[www.infosecmaestros.com/css/magnific-popup.css]
[www.infosecmaestros.com/images/logo-small.png]
[www.infosecmaestros.com/css/style.css]
[www.infosecmaestros.com/fonts/et-line-font/fonts/et-line.woff]
[www.infosecmaestros.com/fonts/et-line-font/style.css]
[www.infosecmaestros.com/fonts/elegant_font/HTML_CSS/fonts/ElegantIcons.woff]
[www.infosecmaestros.com/fonts/elegant_font/HTML_CSS/style.css]
[stackpath.bootstrapcdn.com/font-awesome/4.7.0/css/font-awesome.min.css]
[www.infosecmaestros.com/images/background/p4.jpg]
[www.infosecmaestros.com/images/background/p2.jpg]
[www.infosecmaestros.com/css/bg.css]
[www.infosecmaestros.com/css/colors/orange.css]
[www.infosecmaestros.com/css/bootstrapValidator.css]
[www.infosecmaestros.com/css/jquerysctipttop.css]
[www.infosecmaestros.com/index-2.html]
[www.infosecmaestros.com/images/team/small/3.html]
[www.infosecmaestros.com/images/team/small/2.html]
[www.infosecmaestros.com/images/team/small/4.html]
[www.infosecmaestros.com/images/team/small/1.html]
[www.infosecmaestros.com/fonts/glyphicons-halflings-regular.html]
[www.infosecmaestros.com/fonts/glyphicons-halflings-regulard41d.html]
[www.infosecmaestros.com/fonts/glyphicons-halflings-regular-2.html]
[www.infosecmaestros.com/fonts/glyphicons-halflings-regular-3.html]
[www.infosecmaestros.com/fonts/glyphicons-halflings-regular-4.html]
[www.infosecmaestros.com/css/grabbing.html]
[www.infosecmaestros.com/css/AjaxLoader.html]
[www.infosecmaestros.com/fonts/font-awesome/css/font-awesome.css]
[www.infosecmaestros.com/images_02/ui/arrow-down-form.html]
[www.infosecmaestros.com/images_02/ui/arrow-down-form-hover.html]
[www.infosecmaestros.com/images_02/dotted.html]
[www.infosecmaestros.com/images_02/icon-slide-plus.html]
[www.infosecmaestros.com/images_02/icon-slide-min.html]
[www.infosecmaestros.com/images_02/close.html]
[www.infosecmaestros.com/images_02/close-2.html]
[www.infosecmaestros.com/images_02/icon-url.html]
[www.infosecmaestros.com/images_02/icon-zoom.html]
[www.infosecmaestros.com/images_02/list-arrow.html]
[www.infosecmaestros.com/images_02/page-loader.html]
[www.infosecmaestros.com/images_02/ui/arrow-down.html]
[www.infosecmaestros.com/images_02/ui/arrow-up.html]
[www.infosecmaestros.com/images_02/ui/arrow-down-dark.html]
[www.infosecmaestros.com/images_02/ui/arrow-up-dark.html]
[www.infosecmaestros.com/fonts/et-line-font/fonts/et-line.html]
[www.infosecmaestros.com/fonts/et-line-font/fonts/et-lined41d.html]
[www.infosecmaestros.com/fonts/et-line-font/fonts/et-line-2.html]
[www.infosecmaestros.com/fonts/et-line-font/fonts/et-line-3.html]
[www.infosecmaestros.com/fonts/elegant_font/HTML_CSS/fonts/ElegantIcons.html]
[www.infosecmaestros.com/fonts/elegant_font/HTML_CSS/fonts/ElegantIconsd41d.html]
[www.infosecmaestros.com/fonts/elegant_font/HTML_CSS/fonts/ElegantIcons-2.html]
[www.infosecmaestros.com/fonts/elegant_font/HTML_CSS/fonts/ElegantIcons-3.html]
[www.infosecmaestros.com/images/background/p8.html]
[www.infosecmaestros.com/fonts/font-awesome/fonts/fontawesome-webfont5b62.html]
[www.infosecmaestros.com/fonts/font-awesome/fonts/fontawesome-webfontd41d.html]
[www.infosecmaestros.com/fonts/font-awesome/fonts/fontawesome-webfont5b62-2.html]
[www.infosecmaestros.com/fonts/font-awesome/fonts/fontawesome-webfont5b62-3.html]
[www.infosecmaestros.com/fonts/font-awesome/fonts/fontawesome-webfont5b62-4.html]
[www.infosecmaestros.com/fonts/font-awesome/fonts/fontawesome-webfont5b62-5.html]
